// Jest Snapshot v1, https://goo.gl/fbAQLP

exports[`<PostMemoContainer /> Shallow rendering renders without crashing 1`] = `
<WithFormik(PostMemoComponent)
  onMemoSubmitted={[Function]}
/>
`;
