// Jest Snapshot v1, https://goo.gl/fbAQLP

exports[`<UserMenuContainer /> Shallow rendering renders without crashing 1`] = `
<UserMenuComponent
  avatarUrl="avatarUrl"
  onProfileClicked={[Function]}
  onSignOutClicked={[Function]}
  username="User1"
/>
`;
