// Jest Snapshot v1, https://goo.gl/fbAQLP

exports[`<UserMenuComponent /> renders without crashing 1`] = `
<Dropdown
  additionLabel="Add "
  additionPosition="top"
  closeOnBlur={true}
  deburr={false}
  icon="dropdown"
  item={true}
  minCharacters={1}
  noResultsMessage="No results found."
  openOnFocus={true}
  renderLabel={[Function]}
  searchInput="text"
  selectOnBlur={true}
  selectOnNavigation={true}
  simple={true}
  trigger={
    <span>
      <Image
        as="img"
        circular={true}
        size="mini"
        spaced="right"
        src="avatarUrl"
        ui={true}
      />
      Hello, 
      Alice
    </span>
  }
  wrapSelection={true}
>
  <DropdownMenu>
    <DropdownItem
      active={false}
      onClick={[Function]}
    >
      Your Profile
    </DropdownItem>
    <DropdownDivider />
    <DropdownItem
      onClick={[MockFunction]}
    >
      Sign Out
    </DropdownItem>
  </DropdownMenu>
</Dropdown>
`;
