// Jest Snapshot v1, https://goo.gl/fbAQLP

exports[`<HeaderContainer /> Shallow rendering renders without crashing 1`] = `
<HeaderComponent
  location="/"
  onHomeClicked={[Function]}
  onUsersClicked={[Function]}
/>
`;
