// Jest Snapshot v1, https://goo.gl/fbAQLP

exports[`<MemosContainer /> Shallow rendering renders without crashing 1`] = `<MemosComponent />`;
