// Jest Snapshot v1, https://goo.gl/fbAQLP

exports[`<HomeViewContainer /> Shallow rendering renders without crashing 1`] = `
<HomeViewComponent
  currentUser={
    Object {
      "username": "Username",
    }
  }
/>
`;
