// Jest Snapshot v1, https://goo.gl/fbAQLP

exports[`<LoginViewContainer /> Shallow rendering renders without crashing 1`] = `
<LoginViewComponent
  loginError="LoginError"
  onLoginClick={[Function]}
/>
`;
