// Jest Snapshot v1, https://goo.gl/fbAQLP

exports[`<MemoContentContainer /> Shallow rendering renders without crashing 1`] = `
<MemoComponent
  onEditClicked={[Function]}
  onGoToProfileClicked={[Function]}
/>
`;
