// Jest Snapshot v1, https://goo.gl/fbAQLP

exports[`App Shallow rendering renders without crashing 1`] = `<Route />`;
