// Jest Snapshot v1, https://goo.gl/fbAQLP

exports[`<NoMatch /> renders without crashing 1`] = `
<div>
  <h3>
    No match for 
    <code>
      /test
    </code>
  </h3>
</div>
`;
